; Zweitlader PRG 710 (1000-109D Code, danach Tabelle) -- Auszug
1000 31 00 0D LD SP,0D00H
1003 3E 03 LD A,03H
1005 D3 83 OUT (83H),A
1007 AF XOR A
1008 32 DD 0E LD (0EDDH),A
100B 6F LD L,A
100C 67 LD H,A
100D 22 C7 0F LD (0FC7H),HL
1010 22 CE 0F LD (0FCEH),HL
1013 22 D0 0F LD (0FD0H),HL
1016 21 FF 09 LD HL,09FFH
1019 22 E6 0F LD (0FE6H),HL
101C 3A FC 03 LD A,(03FCH)
101F 06 FF LD B,FFH
L1021:
1021 04 INC B
1022 0F RRCA
1023 38 FC JR C,L1021
1025 78 LD A,B
1026 0F RRCA
1027 0F RRCA
1028 0F RRCA
1029 32 DC 0E LD (0EDCH),A
102C 01 00 0C LD BC,0C00H
102F 51 LD D,C
1030 59 LD E,C
1031 21 00 11 LD HL,1100H
1034 ED B0 LDIR
1036 1E 04 LD E,04H
1038 3E 77 LD A,77H
103A D9 EXX
103B 21 E1 0B LD HL,0BE1H
103E 01 51 51 LD BC,5151H
1041 11 01 01 LD DE,0101H
1044 D9 EXX
L1045:
1045 07 RLCA
1046 D3 18 OUT (18H),A
1048 08 EX AF,AF'
1049 06 4E LD B,4EH
L104B:
104B 3E 5F LD A,5FH
104D D3 10 OUT (10H),A
104F 3E DF LD A,DFH
1051 D3 10 OUT (10H),A
1053 DB 12 IN A,(12H)
1055 07 RLCA
1056 38 10 JR C,L1068
1058 3E FF LD A,FFH
L105A:
105A D9 EXX
105B A1 AND C
105C 77 LD (HL),A
105D 23 INC HL
105E 48 LD C,B
105F 43 LD B,E
1060 5A LD E,D
1061 D9 EXX
1062 1D DEC E
1063 28 10 JR Z,L1075
1065 08 EX AF,AF'
1066 18 DD JR L1045
L1068:
1068 26 08 LD H,08H
L106A:
106A 2D DEC L
106B 20 FD JR NZ,L106A
106D 25 DEC H
106E 20 FA JR NZ,L106A
1070 10 D9 DJNZ L104B
1072 AF XOR A
1073 18 E5 JR L105A
L1075:
1075 3E FF LD A,FFH
1077 D3 18 OUT (18H),A
1079 3E 6F LD A,6FH
107B 32 DB 0F LD (0FDBH),A
107E AF XOR A
107F 32 D7 0F LD (0FD7H),A
1082 21 00 F8 LD HL,F800H
1085 22 DE 0F LD (0FDEH),HL
1088 3E 1F LD A,1FH
108A CD EB 0B CALL 0BEBH
108D 21 9E 10 LD HL,109EH
1090 01 58 02 LD BC,0258H
1093 ED B3 OTIR
1095 01 5D 06 LD BC,065DH
1098 ED B3 OTIR
109A AF XOR A
109B D3 5C OUT (5CH),A
109D C7 RST 00H
