; Zweitlader PRG 710-1 (1000-10B2 Code+Tabelle, 10B3ff Fortsetzung) -- Auszug
1000 31 00 0D LD SP,0D00H
1003 3E 03 LD A,03H
1005 D3 83 OUT (83H),A
1007 AF XOR A
1008 32 DD 0E LD (0EDDH),A
100B 6F LD L,A
100C 67 LD H,A
100D 22 C7 0F LD (0FC7H),HL
1010 22 CE 0F LD (0FCEH),HL
1013 22 D0 0F LD (0FD0H),HL
1016 21 2F 0A LD HL,0A2FH
1019 22 E6 0F LD (0FE6H),HL
101C 3A FC 03 LD A,(03FCH)
101F 06 FF LD B,FFH
L1021:
1021 04 INC B
1022 0F RRCA
1023 38 FC JR C,L1021
1025 78 LD A,B
1026 0F RRCA
1027 0F RRCA
1028 0F RRCA
1029 32 DC 0E LD (0EDCH),A
102C 01 00 0C LD BC,0C00H
102F 51 LD D,C
1030 59 LD E,C
1031 21 00 11 LD HL,1100H
1034 ED B0 LDIR
1036 1E 04 LD E,04H
1038 3E 77 LD A,77H
103A D9 EXX
103B 21 E1 0B LD HL,0BE1H
103E 01 51 51 LD BC,5151H
1041 11 01 01 LD DE,0101H
1044 D9 EXX
L1045:
1045 07 RLCA
1046 D3 18 OUT (18H),A
1048 08 EX AF,AF'
1049 06 4E LD B,4EH
L104B:
104B 3E 5F LD A,5FH
104D D3 10 OUT (10H),A
104F 3E DF LD A,DFH
1051 D3 10 OUT (10H),A
1053 DB 12 IN A,(12H)
1055 07 RLCA
1056 38 10 JR C,L1068
1058 3E FF LD A,FFH
L105A:
105A D9 EXX
105B A1 AND C
105C 77 LD (HL),A
105D 23 INC HL
105E 48 LD C,B
105F 43 LD B,E
1060 5A LD E,D
1061 D9 EXX
1062 1D DEC E
1063 28 10 JR Z,L1075
1065 08 EX AF,AF'
1066 18 DD JR L1045
L1068:
1068 26 08 LD H,08H
L106A:
106A 2D DEC L
106B 20 FD JR NZ,L106A
106D 25 DEC H
106E 20 FA JR NZ,L106A
1070 10 D9 DJNZ L104B
1072 AF XOR A
1073 18 E5 JR L105A
L1075:
1075 3E FF LD A,FFH
1077 D3 18 OUT (18H),A
1079 3E 6F LD A,6FH
107B 32 DB 0F LD (0FDBH),A
107E 21 A9 10 LD HL,10A9H
1081 01 58 02 LD BC,0258H
1084 ED B3 OTIR
1086 01 5F 08 LD BC,085FH
1089 ED B3 OTIR
108B 21 A2 10 LD HL,10A2H
L108E:
108E 7E LD A,(HL)
108F FE 00 CP 00H
1091 28 20 JR Z,L10B3
1093 CD 99 10 CALL sub_1099
1096 23 INC HL
1097 18 F5 JR L108E
sub_1099:
1099 D3 5E OUT (5EH),A
L109B:
109B DB 5F IN A,(5FH)
109D CB 57 BIT 2,A
109F 28 FA JR Z,L109B
10A1 C9 RET
10A2 1B DB 1BH
10A3 5B DB 5BH
10A4 3F DB 3FH
10A5 31 DB 31H
10A6 31 DB 31H
10A7 68 DB 68H
10A8 00 DB 00H
10A9 07 DB 07H
10AA 01 DB 01H
10AB 00 DB 00H
10AC 18 DB 18H
10AD 04 DB 04H
10AE 4C DB 4CH
10AF 03 DB 03H
10B0 C1 DB C1H
10B1 05 DB 05H
10B2 68 DB 68H
L10B3:
10B3 AF XOR A
10B4 32 D7 0F LD (0FD7H),A
10B7 21 00 F8 LD HL,F800H
10BA 22 DE 0F LD (0FDEH),HL
10BD 3E 1F LD A,1FH
10BF CD EB 0B CALL 0BEBH
10C2 21 D3 10 LD HL,10D3H
10C5 01 58 02 LD BC,0258H
10C8 ED B3 OTIR
10CA 01 5D 06 LD BC,065DH
10CD ED B3 OTIR
10CF AF XOR A
10D0 D3 5C OUT (5CH),A
10D2 C7 RST 00H
10D3 07 RLCA
10D4 01 04 4D LD BC,4D04H
10D7 03 INC BC
10D8 41 LD B,C
10D9 05 DEC B
L10DA:
10DA 28 FE JR Z,L10DA
10DC FE FE CP FEH
10DE FE FE CP FEH
